// Jest Snapshot v1, https://goo.gl/fbAQLP

exports[`Tooltip expect overlay to appear correctly when shown 1`] = `
<div>
  <button
    aria-expanded={true}
    aria-haspopup={true}
    onClick={[Function]}
  >
    TRIGGER
  </button>
  <TooltipOverlay
    onRootClose={[Function]}
    placement="right"
    rootCloseEnabled={true}
    show={true}
    style={
      Object {
        "zIndex": 2345,
      }
    }
    target={[Function]}
  >
    <InnerToolTip
      size="small"
      snacksStyle="secondary"
    >
      Right Secondary small
    </InnerToolTip>
  </TooltipOverlay>
</div>
`;

exports[`Tooltip renders Tooltip properly 1`] = `
<div
  data-radium={true}
>
  <div>
    <div
      aria-expanded={false}
      aria-haspopup={true}
      onClick={[Function]}
    >
      TRIGGER
    </div>
  </div>
  <style
    dangerouslySetInnerHTML={
      Object {
        "__html": "",
      }
    }
  />
</div>
`;
