// Jest Snapshot v1, https://goo.gl/fbAQLP

exports[`RadioGroup on initialization none of the radio buttons are selected 1`] = `
<div
  style={Object {}}
>
  <div
    data-radium={true}
    style={
      Object {
        "display": "flex",
      }
    }
  >
    <div
      data-radium={true}
      style={
        Object {
          "position": "relative",
        }
      }
    >
      <img
        alt=""
        data-radium={true}
        src="test-file-stub"
        style={
          Object {
            "height": 22,
            "width": 22,
          }
        }
        tabIndex="-1"
      />
      <input
        aria-label={undefined}
        checked={false}
        data-radium={true}
        id="1"
        onClick={[Function]}
        style={
          Object {
            "-moz-appearance": "none",
            "-ms-appearance": "none",
            "-webkit-appearance": "none",
            "appearance": "none",
            "height": 22,
            "left": 0,
            "position": "absolute",
            "top": 0,
            "width": 22,
          }
        }
        type="radio"
        value="val1"
      />
    </div>
    <label
      data-radium={true}
      htmlFor="1"
      style={
        Object {
          "marginLeft": 10,
        }
      }
    >
      Value 1
    </label>
  </div>
  <div
    data-radium={true}
    style={
      Object {
        "display": "flex",
      }
    }
  >
    <div
      data-radium={true}
      style={
        Object {
          "position": "relative",
        }
      }
    >
      <img
        alt=""
        data-radium={true}
        src="test-file-stub"
        style={
          Object {
            "height": 22,
            "width": 22,
          }
        }
        tabIndex="-1"
      />
      <input
        aria-label={undefined}
        checked={false}
        data-radium={true}
        id="2"
        onClick={[Function]}
        style={
          Object {
            "-moz-appearance": "none",
            "-ms-appearance": "none",
            "-webkit-appearance": "none",
            "appearance": "none",
            "height": 22,
            "left": 0,
            "position": "absolute",
            "top": 0,
            "width": 22,
          }
        }
        type="radio"
        value="val2"
      />
    </div>
    <label
      data-radium={true}
      htmlFor="2"
      style={
        Object {
          "marginLeft": 10,
        }
      }
    >
      Value 2
    </label>
  </div>
  <div
    data-radium={true}
    style={
      Object {
        "display": "flex",
      }
    }
  >
    <div
      data-radium={true}
      style={
        Object {
          "position": "relative",
        }
      }
    >
      <img
        alt=""
        data-radium={true}
        src="test-file-stub"
        style={
          Object {
            "height": 22,
            "width": 22,
          }
        }
        tabIndex="-1"
      />
      <input
        aria-label={undefined}
        checked={false}
        data-radium={true}
        id="3"
        onClick={[Function]}
        style={
          Object {
            "-moz-appearance": "none",
            "-ms-appearance": "none",
            "-webkit-appearance": "none",
            "appearance": "none",
            "height": 22,
            "left": 0,
            "position": "absolute",
            "top": 0,
            "width": 22,
          }
        }
        type="radio"
        value="val3"
      />
    </div>
    <label
      data-radium={true}
      htmlFor="3"
      style={
        Object {
          "marginLeft": 10,
        }
      }
    >
      Value 3
    </label>
  </div>
</div>
`;
